
> frontend@0.1.0 dev
> next dev

▲ Next.js 16.2.12 (Turbopack)
- Local:         http://localhost:3000
- Network:       http://192.168.56.1:3000
- Environments: .env.local
✓ Ready in 1257ms
Creating turbopack project {
  dir: 'C:\\Users\\johnp\\OneDrive\\Desktop\\personal_tutor\\frontend',
  testMode: true
}

 GET / 200 in 1216ms (next.js: 868ms, application-code: 348ms)
 GET / 200 in 166ms (next.js: 19ms, application-code: 147ms)
 GET / 200 in 66ms (next.js: 10ms, application-code: 56ms)
 GET / 200 in 72ms (next.js: 7ms, application-code: 65ms)
 GET / 200 in 132ms (next.js: 11ms, application-code: 120ms)
▲ Next.js 16.2.12 (Turbopack)
- Local:         http://localhost:3000
- Network:       http://192.168.56.1:3000
- Environments: .env.local
✓ Ready in 2.1s
Creating turbopack project {
  dir: 'C:\\Users\\johnp\\OneDrive\\Desktop\\personal_tutor\\frontend',
  testMode: true
}

 GET / 200 in 1115ms (next.js: 602ms, application-code: 513ms)
 GET / 200 in 159ms (next.js: 30ms, application-code: 129ms)
✓ Compiled in 197ms
 GET / 200 in 377ms (next.js: 203ms, application-code: 174ms)
 GET / 200 in 93ms (next.js: 21ms, application-code: 71ms)
 GET / 200 in 323ms (next.js: 30ms, application-code: 293ms)
 GET / 200 in 795ms (next.js: 241ms, application-code: 555ms)
✓ Compiled in 1063ms
 GET / 200 in 343ms (next.js: 241ms, application-code: 101ms)
 GET / 200 in 155ms (next.js: 16ms, application-code: 139ms)
✓ Compiled in 224ms
 GET / 200 in 154ms (next.js: 107ms, application-code: 48ms)
 GET / 200 in 95ms (next.js: 5ms, application-code: 90ms)
 GET / 200 in 346ms (next.js: 116ms, application-code: 230ms)
▲ Next.js 16.2.12 (Turbopack)
- Local:         http://localhost:3000
- Network:       http://192.168.56.1:3000
- Environments: .env.local
✓ Ready in 6.5s
Creating turbopack project {
  dir: 'C:\\Users\\johnp\\OneDrive\\Desktop\\personal_tutor\\frontend',
  testMode: true
}

 GET / 200 in 3.0s (next.js: 2.8s, application-code: 264ms)
✓ Compiled in 217ms
 GET / 200 in 162ms (next.js: 108ms, application-code: 54ms)
✓ Compiled in 94ms
 GET / 200 in 436ms (next.js: 202ms, application-code: 233ms)
✓ Compiled in 139ms
 GET / 200 in 232ms (next.js: 153ms, application-code: 80ms)
✓ Compiled in 68ms
 GET / 200 in 153ms (next.js: 116ms, application-code: 36ms)
✓ Compiled in 88ms
 GET / 200 in 241ms (next.js: 165ms, application-code: 76ms)
✓ Compiled in 169ms
 GET / 200 in 247ms (next.js: 172ms, application-code: 75ms)
 GET / 200 in 166ms (next.js: 14ms, application-code: 151ms)
 GET / 200 in 85ms (next.js: 17ms, application-code: 68ms)
 GET / 200 in 116ms (next.js: 19ms, application-code: 96ms)
 GET / 200 in 68ms (next.js: 10ms, application-code: 58ms)
 GET / 200 in 74ms (next.js: 11ms, application-code: 63ms)
✓ Compiled in 70ms
 GET / 200 in 196ms (next.js: 116ms, application-code: 80ms)
